
<article class="translator_pluginfo">
  <h1>Translator 1.1-dev</h1>
  <section class="translator_syscheck">
    <h2>System check</h2>
    <p class="xh_fail">Checking that the PHP version is at least 7.4.0 … failure</p>
    <p class="xh_fail">Checking that the PHP extension 'zlib' is loaded … failure</p>
    <p class="xh_fail">Checking that the CMSimple_XH version is at least 1.7.0 … failure</p>
    <p class="xh_fail">Checking that the Plib_XH version is at least 1.10 … failure</p>
    <p class="xh_warning">Checking that './cmsimple/languages/' is writable … warning</p>
    <p class="xh_warning">Checking that './plugins/translator/css/' is writable … warning</p>
    <p class="xh_warning">Checking that './plugins/translator/config/' is writable … warning</p>
  </section>
</article>
