
<form id="translator" method="post" action="/?&amp;action=save&amp;translator_module=translator&amp;translator_from=en&amp;translator_to=de">
    <h1>Translator â€“ Translator</h1>
    <input type="submit" class="submit" value="Save">
    <table>
        <tr>
            <th></th>
            <th>Translate from: <img src="vfs://root/userfiles/images/flags/en.gif" alt="en" title="en"></th>
            <th>Translate to: <img src="vfs://root/userfiles/images/flags/de.gif" alt="de" title="de"></th>
        </tr>
        <tr>
            <td class="translator_key">default translation</td>
            <td class="translator_from">
                <textarea rows="2" cols="40" readonly="readonly">*** NEW LANGUAGE STRING ***</textarea>
            </td>
            <td class="translator_to">
                <textarea name="translator_string_default|translation" class="" rows="2" cols="40">*** NEUER SPRACH-TEXT ***</textarea>
            </td>
        </tr>
    </table>
    <input type="submit" class="submit" value="Save">
    <input type="hidden" name="csrf_token" value="0123456789ABCDEF"></form>
