
<script src="./translator.js"></script>
<form id="translator_list" method="get">
  <h1>Translator â€“ Translations</h1>
  <input type="hidden" name="selected" value="translator">
  <input type="hidden" name="admin" value="plugin_main">
  <ul>
    <li>
      <input type="checkbox" name="translator_modules[]" value="CORE" >
      <span>CORE</span>
    </li>
    <li>
      <input type="checkbox" name="translator_modules[]" value="translator" >
      <span>Translator</span>
    </li>
  </ul>
  <p>
    <button id="translator_select_all" type="button" style="display: none">Select all</button>
    <button id="translator_deselect_all" type="button" disabled="disabled" style="display: none">Deselect all</button>
    <button name="action" value="edit">Edit</button>
  </p>
  <p>
    Filename:    <input type="text" name="translator_filename" value="">.zip
    <button class="submit" name="action" value="zip">Generate Language Pack</button>
  </p>
</form>
